
> moody-bitch@0.0.0 build
> tsc -b && vite build

[36mvite v7.2.7 [32mbuilding client environment for production...[36m[39m
transforming...
[32m✓[39m 1153 modules transformed.
rendering chunks...
computing gzip size...
[2mdist/[22m[32mindex.html                 [39m[1m[2m    0.92 kB[22m[1m[22m[2m │ gzip:   0.50 kB[22m
[2mdist/[22m[2massets/[22m[35mindex-CLU3KB0A.css  [39m[1m[2m   26.56 kB[22m[1m[22m[2m │ gzip:   6.07 kB[22m
[2mdist/[22m[2massets/[22m[36mindex-C0-vWDnS.js   [39m[1m[33m1,339.11 kB[39m[22m[2m │ gzip: 410.56 kB[22m
[33m
(!) Some chunks are larger than 500 kB after minification. Consider:
- Using dynamic import() to code-split the application
- Use build.rollupOptions.output.manualChunks to improve chunking: https://rollupjs.org/configuration-options/#output-manualchunks
- Adjust chunk size limit for this warning via build.chunkSizeWarningLimit.[39m
[32m✓ built in 5.72s[39m
