
> moody-bitch@0.0.0 test
> vitest run


[1m[46m RUN [49m[22m [36mv3.2.4 [39m[90m/home/runner/work/moody-bitch/moody-bitch[39m

 [32m✓[39m src/data/constellations.test.ts [2m([22m[2m25 tests[22m[2m)[22m[32m 22[2mms[22m[39m
 [32m✓[39m src/services/locationService.test.ts [2m([22m[2m3 tests[22m[2m)[22m[32m 11[2mms[22m[39m
 [32m✓[39m src/hooks/useTwoFingerSwipe.test.ts [2m([22m[2m3 tests[22m[2m)[22m[32m 26[2mms[22m[39m
[90mstderr[2m | src/services/loreService.test.ts[2m > [22m[2mloreService[2m > [22m[2mreturns fallback if API key is missing
[22m[39mGemini API Key is missing or invalid. Using fallback lore.

[90mstderr[2m | src/services/loreService.test.ts[2m > [22m[2mloreService[2m > [22m[2mreturns fallback on API error
[22m[39mGemini API Error (500): Internal Server Error
Failed to scribe lore: Error: API responded with status: 500
    at generateQuestLore [90m(/home/runner/work/moody-bitch/moody-bitch/[39msrc/services/loreService.ts:44:13[90m)[39m
[90m    at processTicksAndRejections (node:internal/process/task_queues:95:5)[39m
    at [90m/home/runner/work/moody-bitch/moody-bitch/[39msrc/services/loreService.test.ts:40:20
    at [90mfile:///home/runner/work/moody-bitch/moody-bitch/[39mnode_modules/[4m@vitest/runner[24m/dist/chunk-hooks.js:752:20

 [32m✓[39m src/services/loreService.test.ts [2m([22m[2m3 tests[22m[2m)[22m[32m 11[2mms[22m[39m
 [32m✓[39m src/context/AuthContext.test.tsx [2m([22m[2m2 tests[22m[2m)[22m[32m 39[2mms[22m[39m

[2m Test Files [22m [1m[32m5 passed[39m[22m[90m (5)[39m
[2m      Tests [22m [1m[32m36 passed[39m[22m[90m (36)[39m
[2m   Start at [22m 08:31:05
[2m   Duration [22m 2.26s[2m (transform 215ms, setup 518ms, collect 392ms, tests 109ms, environment 3.50s, prepare 459ms)[22m

